2025-10-21 17:19:30 - scraping - ERROR - ❌ 실패: https://cafe.naver.com/sundreamd - Message: invalid session id: session deleted as the browser has closed the connection
from disconnected: not connected to DevTools
  (Session info: chrome=141.0.7390.108)
Stacktrace:
	GetHandleVerifier [0x0x42fe83+66515]
	GetHandleVerifier [0x0x42fec4+66580]
	(No symbol) [0x0x21dc48]
	(No symbol) [0x0x20ce80]
	(No symbol) [0x0x22b81b]
	(No symbol) [0x0x291c25]
	(No symbol) [0x0x2ac4d9]
	(No symbol) [0x0x28afc6]
	(No symbol) [0x0x25c2ca]
	(No symbol) [0x0x25d154]
	GetHandleVerifier [0x0x6873b3+2521347]
	GetHandleVerifier [0x0x682333+2500739]
	GetHandleVerifier [0x0x457cd4+229924]
	GetHandleVerifier [0x0x448238+165768]
	GetHandleVerifier [0x0x44eced+193085]
	GetHandleVerifier [0x0x438198+100072]
	GetHandleVerifier [0x0x438330+100480]
	GetHandleVerifier [0x0x4225ea+11066]
	BaseThreadInitThunk [0x0x7769fcc9+25]
	RtlGetAppContainerNamedObjectPath [0x0x778f82ae+286]
	RtlGetAppContainerNamedObjectPath [0x0x778f827e+238]

